Command line invocation:
    /Applications/Xcode.app/Contents/Developer/usr/bin/xcodebuild -scheme "Ignition Mobile Tracker" -sdk iphonesimulator -destination "platform=iOS Simulator,name=iPhone 17" build

Build settings from command line:
    SDKROOT = iphonesimulator26.0

2025-10-02 12:37:40.227 xcodebuild[20359:16610741] [MT] IDERunDestination: Supported platforms for the buildables in the current scheme is empty.
Build Preparation
Build task concurrency set to 8 via user default IDEBuildOperationMaxNumberOfConcurrentCompileTasks

ComputePackagePrebuildTargetDependencyGraph

Prepare packages

CreateBuildRequest

SendProjectDescription

CreateBuildOperation

ComputeTargetDependencyGraph
note: Building targets in dependency order
note: Target dependency graph (1 target)
    Target 'Ignition Mobile Tracker' in project 'Ignition Mobile Tracker' (no dependencies)

GatherProvisioningInputs

CreateBuildDescription

ExecuteExternalTool /Applications/Xcode.app/Contents/Developer/Toolchains/XcodeDefault.xctoolchain/usr/bin/clang -v -E -dM -isysroot /Applications/Xcode.app/Contents/Developer/Platforms/iPhoneSimulator.platform/Developer/SDKs/iPhoneSimulator26.0.sdk -x c -c /dev/null

ExecuteExternalTool /Applications/Xcode.app/Contents/Developer/usr/bin/momc --dry-run --action generate --swift-version 5.0 --sdkroot /Applications/Xcode.app/Contents/Developer/Platforms/iPhoneSimulator.platform/Developer/SDKs/iPhoneSimulator26.0.sdk --iphonesimulator-deployment-target 26.0 --module Ignition_Mobile_Tracker /Users/giuli1/Documents/app/Apple/ignition mobile tracker/Ignition Mobile Tracker/Ignition Mobile Tracker/Core/Data/IgnitionTracker.xcdatamodeld /Users/giuli1/Library/Developer/Xcode/DerivedData/Ignition_Mobile_Tracker-gelnggplpsbtkhcjapjollaftaga/Build/Intermediates.noindex/Ignition Mobile Tracker.build/Debug-iphonesimulator/Ignition Mobile Tracker.build/DerivedSources/CoreDataGenerated/IgnitionTracker

ExecuteExternalTool /Applications/Xcode.app/Contents/Developer/usr/bin/actool --print-asset-tag-combinations --output-format xml1 /Users/giuli1/Documents/app/Apple/ignition mobile tracker/Ignition Mobile Tracker/Ignition Mobile Tracker/Assets.xcassets

ExecuteExternalTool /Applications/Xcode.app/Contents/Developer/usr/bin/actool --version --output-format xml1

ExecuteExternalTool /Applications/Xcode.app/Contents/Developer/Toolchains/XcodeDefault.xctoolchain/usr/bin/swiftc --version

ExecuteExternalTool /Applications/Xcode.app/Contents/Developer/Toolchains/XcodeDefault.xctoolchain/usr/bin/ld -version_details

Build description signature: bdf6c0cd5d8161dd6655ada39d14bd56
Build description path: /Users/giuli1/Library/Developer/Xcode/DerivedData/Ignition_Mobile_Tracker-gelnggplpsbtkhcjapjollaftaga/Build/Intermediates.noindex/XCBuildData/bdf6c0cd5d8161dd6655ada39d14bd56.xcbuilddata
ClangStatCache /Applications/Xcode.app/Contents/Developer/Toolchains/XcodeDefault.xctoolchain/usr/bin/clang-stat-cache /Applications/Xcode.app/Contents/Developer/Platforms/iPhoneSimulator.platform/Developer/SDKs/iPhoneSimulator26.0.sdk /Users/giuli1/Library/Developer/Xcode/DerivedData/SDKStatCaches.noindex/iphonesimulator26.0-23A339-26257891a6c027eb51374368541b8346.sdkstatcache
    cd /Users/giuli1/Documents/app/Apple/ignition\ mobile\ tracker/Ignition\ Mobile\ Tracker/Ignition\ Mobile\ Tracker.xcodeproj
    /Applications/Xcode.app/Contents/Developer/Toolchains/XcodeDefault.xctoolchain/usr/bin/clang-stat-cache /Applications/Xcode.app/Contents/Developer/Platforms/iPhoneSimulator.platform/Developer/SDKs/iPhoneSimulator26.0.sdk -o /Users/giuli1/Library/Developer/Xcode/DerivedData/SDKStatCaches.noindex/iphonesimulator26.0-23A339-26257891a6c027eb51374368541b8346.sdkstatcache

WriteAuxiliaryFile /Users/giuli1/Library/Developer/Xcode/DerivedData/Ignition_Mobile_Tracker-gelnggplpsbtkhcjapjollaftaga/Build/Intermediates.noindex/Ignition\ Mobile\ Tracker.build/Debug-iphonesimulator/Ignition\ Mobile\ Tracker.build/Objects-normal/arm64/Ignition\ Mobile\ Tracker.SwiftFileList (in target 'Ignition Mobile Tracker' from project 'Ignition Mobile Tracker')
    cd /Users/giuli1/Documents/app/Apple/ignition\ mobile\ tracker/Ignition\ Mobile\ Tracker
    write-file /Users/giuli1/Library/Developer/Xcode/DerivedData/Ignition_Mobile_Tracker-gelnggplpsbtkhcjapjollaftaga/Build/Intermediates.noindex/Ignition\ Mobile\ Tracker.build/Debug-iphonesimulator/Ignition\ Mobile\ Tracker.build/Objects-normal/arm64/Ignition\ Mobile\ Tracker.SwiftFileList

WriteAuxiliaryFile /Users/giuli1/Library/Developer/Xcode/DerivedData/Ignition_Mobile_Tracker-gelnggplpsbtkhcjapjollaftaga/Build/Intermediates.noindex/Ignition\ Mobile\ Tracker.build/Debug-iphonesimulator/Ignition\ Mobile\ Tracker.build/Objects-normal/arm64/Ignition\ Mobile\ Tracker.LinkFileList (in target 'Ignition Mobile Tracker' from project 'Ignition Mobile Tracker')
    cd /Users/giuli1/Documents/app/Apple/ignition\ mobile\ tracker/Ignition\ Mobile\ Tracker
    write-file /Users/giuli1/Library/Developer/Xcode/DerivedData/Ignition_Mobile_Tracker-gelnggplpsbtkhcjapjollaftaga/Build/Intermediates.noindex/Ignition\ Mobile\ Tracker.build/Debug-iphonesimulator/Ignition\ Mobile\ Tracker.build/Objects-normal/arm64/Ignition\ Mobile\ Tracker.LinkFileList

WriteAuxiliaryFile /Users/giuli1/Library/Developer/Xcode/DerivedData/Ignition_Mobile_Tracker-gelnggplpsbtkhcjapjollaftaga/Build/Intermediates.noindex/Ignition\ Mobile\ Tracker.build/Debug-iphonesimulator/Ignition\ Mobile\ Tracker.build/Objects-normal/arm64/Ignition\ Mobile\ Tracker.SwiftConstValuesFileList (in target 'Ignition Mobile Tracker' from project 'Ignition Mobile Tracker')
    cd /Users/giuli1/Documents/app/Apple/ignition\ mobile\ tracker/Ignition\ Mobile\ Tracker
    write-file /Users/giuli1/Library/Developer/Xcode/DerivedData/Ignition_Mobile_Tracker-gelnggplpsbtkhcjapjollaftaga/Build/Intermediates.noindex/Ignition\ Mobile\ Tracker.build/Debug-iphonesimulator/Ignition\ Mobile\ Tracker.build/Objects-normal/arm64/Ignition\ Mobile\ Tracker.SwiftConstValuesFileList

WriteAuxiliaryFile /Users/giuli1/Library/Developer/Xcode/DerivedData/Ignition_Mobile_Tracker-gelnggplpsbtkhcjapjollaftaga/Build/Intermediates.noindex/Ignition\ Mobile\ Tracker.build/Debug-iphonesimulator/Ignition\ Mobile\ Tracker.build/Objects-normal/arm64/Ignition\ Mobile\ Tracker-OutputFileMap.json (in target 'Ignition Mobile Tracker' from project 'Ignition Mobile Tracker')
    cd /Users/giuli1/Documents/app/Apple/ignition\ mobile\ tracker/Ignition\ Mobile\ Tracker
    write-file /Users/giuli1/Library/Developer/Xcode/DerivedData/Ignition_Mobile_Tracker-gelnggplpsbtkhcjapjollaftaga/Build/Intermediates.noindex/Ignition\ Mobile\ Tracker.build/Debug-iphonesimulator/Ignition\ Mobile\ Tracker.build/Objects-normal/arm64/Ignition\ Mobile\ Tracker-OutputFileMap.json

ProcessProductPackaging "" /Users/giuli1/Library/Developer/Xcode/DerivedData/Ignition_Mobile_Tracker-gelnggplpsbtkhcjapjollaftaga/Build/Intermediates.noindex/Ignition\ Mobile\ Tracker.build/Debug-iphonesimulator/Ignition\ Mobile\ Tracker.build/Ignition\ Mobile\ Tracker.app-Simulated.xcent (in target 'Ignition Mobile Tracker' from project 'Ignition Mobile Tracker')
    cd /Users/giuli1/Documents/app/Apple/ignition\ mobile\ tracker/Ignition\ Mobile\ Tracker
    
    Entitlements:
    
    {
    "application-identifier" = "SGXQV2VW45.poker.Ignition-Mobile-Tracker";
}
    
    builtin-productPackagingUtility -entitlements -format xml -o /Users/giuli1/Library/Developer/Xcode/DerivedData/Ignition_Mobile_Tracker-gelnggplpsbtkhcjapjollaftaga/Build/Intermediates.noindex/Ignition\ Mobile\ Tracker.build/Debug-iphonesimulator/Ignition\ Mobile\ Tracker.build/Ignition\ Mobile\ Tracker.app-Simulated.xcent

ProcessProductPackagingDER /Users/giuli1/Library/Developer/Xcode/DerivedData/Ignition_Mobile_Tracker-gelnggplpsbtkhcjapjollaftaga/Build/Intermediates.noindex/Ignition\ Mobile\ Tracker.build/Debug-iphonesimulator/Ignition\ Mobile\ Tracker.build/Ignition\ Mobile\ Tracker.app-Simulated.xcent /Users/giuli1/Library/Developer/Xcode/DerivedData/Ignition_Mobile_Tracker-gelnggplpsbtkhcjapjollaftaga/Build/Intermediates.noindex/Ignition\ Mobile\ Tracker.build/Debug-iphonesimulator/Ignition\ Mobile\ Tracker.build/Ignition\ Mobile\ Tracker.app-Simulated.xcent.der (in target 'Ignition Mobile Tracker' from project 'Ignition Mobile Tracker')
    cd /Users/giuli1/Documents/app/Apple/ignition\ mobile\ tracker/Ignition\ Mobile\ Tracker
    /usr/bin/derq query -f xml -i /Users/giuli1/Library/Developer/Xcode/DerivedData/Ignition_Mobile_Tracker-gelnggplpsbtkhcjapjollaftaga/Build/Intermediates.noindex/Ignition\ Mobile\ Tracker.build/Debug-iphonesimulator/Ignition\ Mobile\ Tracker.build/Ignition\ Mobile\ Tracker.app-Simulated.xcent -o /Users/giuli1/Library/Developer/Xcode/DerivedData/Ignition_Mobile_Tracker-gelnggplpsbtkhcjapjollaftaga/Build/Intermediates.noindex/Ignition\ Mobile\ Tracker.build/Debug-iphonesimulator/Ignition\ Mobile\ Tracker.build/Ignition\ Mobile\ Tracker.app-Simulated.xcent.der --raw

Ld /Users/giuli1/Library/Developer/Xcode/DerivedData/Ignition_Mobile_Tracker-gelnggplpsbtkhcjapjollaftaga/Build/Products/Debug-iphonesimulator/Ignition\ Mobile\ Tracker.app/__preview.dylib normal (in target 'Ignition Mobile Tracker' from project 'Ignition Mobile Tracker')
    cd /Users/giuli1/Documents/app/Apple/ignition\ mobile\ tracker/Ignition\ Mobile\ Tracker
    /Applications/Xcode.app/Contents/Developer/Toolchains/XcodeDefault.xctoolchain/usr/bin/clang -Xlinker -reproducible -target arm64-apple-ios26.0-simulator -dynamiclib -isysroot /Applications/Xcode.app/Contents/Developer/Platforms/iPhoneSimulator.platform/Developer/SDKs/iPhoneSimulator26.0.sdk -O0 -L/Users/giuli1/Library/Developer/Xcode/DerivedData/Ignition_Mobile_Tracker-gelnggplpsbtkhcjapjollaftaga/Build/Products/Debug-iphonesimulator -F/Users/giuli1/Library/Developer/Xcode/DerivedData/Ignition_Mobile_Tracker-gelnggplpsbtkhcjapjollaftaga/Build/Products/Debug-iphonesimulator -install_name @rpath/Ignition\ Mobile\ Tracker.debug.dylib -dead_strip -rdynamic -Xlinker -no_deduplicate -Xlinker -objc_abi_version -Xlinker 2 -Xlinker -dependency_info -Xlinker /Users/giuli1/Library/Developer/Xcode/DerivedData/Ignition_Mobile_Tracker-gelnggplpsbtkhcjapjollaftaga/Build/Intermediates.noindex/Ignition\ Mobile\ Tracker.build/Debug-iphonesimulator/Ignition\ Mobile\ Tracker.build/Objects-normal/arm64/Ignition\ Mobile\ Tracker_dependency_info.dat -Xlinker -sectcreate -Xlinker __TEXT -Xlinker __entitlements -Xlinker /Users/giuli1/Library/Developer/Xcode/DerivedData/Ignition_Mobile_Tracker-gelnggplpsbtkhcjapjollaftaga/Build/Intermediates.noindex/Ignition\ Mobile\ Tracker.build/Debug-iphonesimulator/Ignition\ Mobile\ Tracker.build/Ignition\ Mobile\ Tracker.app-Simulated.xcent -Xlinker -sectcreate -Xlinker __TEXT -Xlinker __ents_der -Xlinker /Users/giuli1/Library/Developer/Xcode/DerivedData/Ignition_Mobile_Tracker-gelnggplpsbtkhcjapjollaftaga/Build/Intermediates.noindex/Ignition\ Mobile\ Tracker.build/Debug-iphonesimulator/Ignition\ Mobile\ Tracker.build/Ignition\ Mobile\ Tracker.app-Simulated.xcent.der -Xlinker -no_adhoc_codesign -o /Users/giuli1/Library/Developer/Xcode/DerivedData/Ignition_Mobile_Tracker-gelnggplpsbtkhcjapjollaftaga/Build/Products/Debug-iphonesimulator/Ignition\ Mobile\ Tracker.app/__preview.dylib

CompileAssetCatalogVariant thinned /Users/giuli1/Library/Developer/Xcode/DerivedData/Ignition_Mobile_Tracker-gelnggplpsbtkhcjapjollaftaga/Build/Products/Debug-iphonesimulator/Ignition\ Mobile\ Tracker.app /Users/giuli1/Documents/app/Apple/ignition\ mobile\ tracker/Ignition\ Mobile\ Tracker/Ignition\ Mobile\ Tracker/Assets.xcassets (in target 'Ignition Mobile Tracker' from project 'Ignition Mobile Tracker')
    cd /Users/giuli1/Documents/app/Apple/ignition\ mobile\ tracker/Ignition\ Mobile\ Tracker
    /Applications/Xcode.app/Contents/Developer/usr/bin/actool /Users/giuli1/Documents/app/Apple/ignition\ mobile\ tracker/Ignition\ Mobile\ Tracker/Ignition\ Mobile\ Tracker/Assets.xcassets --compile /Users/giuli1/Library/Developer/Xcode/DerivedData/Ignition_Mobile_Tracker-gelnggplpsbtkhcjapjollaftaga/Build/Intermediates.noindex/Ignition\ Mobile\ Tracker.build/Debug-iphonesimulator/Ignition\ Mobile\ Tracker.build/assetcatalog_output/thinned --output-format human-readable-text --notices --warnings --export-dependency-info /Users/giuli1/Library/Developer/Xcode/DerivedData/Ignition_Mobile_Tracker-gelnggplpsbtkhcjapjollaftaga/Build/Intermediates.noindex/Ignition\ Mobile\ Tracker.build/Debug-iphonesimulator/Ignition\ Mobile\ Tracker.build/assetcatalog_dependencies_thinned --output-partial-info-plist /Users/giuli1/Library/Developer/Xcode/DerivedData/Ignition_Mobile_Tracker-gelnggplpsbtkhcjapjollaftaga/Build/Intermediates.noindex/Ignition\ Mobile\ Tracker.build/Debug-iphonesimulator/Ignition\ Mobile\ Tracker.build/assetcatalog_generated_info.plist_thinned --app-icon AppIcon --accent-color AccentColor --compress-pngs --enable-on-demand-resources YES --filter-for-thinning-device-configuration iPhone18,3 --filter-for-device-os-version 26.0 --development-region en --target-device iphone --target-device ipad --minimum-deployment-target 26.0 --platform iphonesimulator

SwiftDriver Ignition\ Mobile\ Tracker normal arm64 com.apple.xcode.tools.swift.compiler (in target 'Ignition Mobile Tracker' from project 'Ignition Mobile Tracker')
    cd /Users/giuli1/Documents/app/Apple/ignition\ mobile\ tracker/Ignition\ Mobile\ Tracker
    builtin-SwiftDriver -- /Applications/Xcode.app/Contents/Developer/Toolchains/XcodeDefault.xctoolchain/usr/bin/swiftc -module-name Ignition_Mobile_Tracker -Onone -enforce-exclusivity\=checked @/Users/giuli1/Library/Developer/Xcode/DerivedData/Ignition_Mobile_Tracker-gelnggplpsbtkhcjapjollaftaga/Build/Intermediates.noindex/Ignition\ Mobile\ Tracker.build/Debug-iphonesimulator/Ignition\ Mobile\ Tracker.build/Objects-normal/arm64/Ignition\ Mobile\ Tracker.SwiftFileList -DDEBUG -default-isolation\=MainActor -enable-bare-slash-regex -enable-upcoming-feature DisableOutwardActorInference -enable-upcoming-feature InferSendableFromCaptures -enable-upcoming-feature GlobalActorIsolatedTypesUsability -enable-upcoming-feature MemberImportVisibility -enable-upcoming-feature InferIsolatedConformances -enable-upcoming-feature NonisolatedNonsendingByDefault -enable-experimental-feature DebugDescriptionMacro -sdk /Applications/Xcode.app/Contents/Developer/Platforms/iPhoneSimulator.platform/Developer/SDKs/iPhoneSimulator26.0.sdk -target arm64-apple-ios26.0-simulator -g -module-cache-path /Users/giuli1/Library/Developer/Xcode/DerivedData/ModuleCache.noindex -Xfrontend -serialize-debugging-options -enable-testing -index-store-path /Users/giuli1/Library/Developer/Xcode/DerivedData/Ignition_Mobile_Tracker-gelnggplpsbtkhcjapjollaftaga/Index.noindex/DataStore -Xcc -D_LIBCPP_HARDENING_MODE\=_LIBCPP_HARDENING_MODE_DEBUG -swift-version 5 -I /Users/giuli1/Library/Developer/Xcode/DerivedData/Ignition_Mobile_Tracker-gelnggplpsbtkhcjapjollaftaga/Build/Products/Debug-iphonesimulator -F /Users/giuli1/Library/Developer/Xcode/DerivedData/Ignition_Mobile_Tracker-gelnggplpsbtkhcjapjollaftaga/Build/Products/Debug-iphonesimulator -emit-localized-strings -emit-localized-strings-path /Users/giuli1/Library/Developer/Xcode/DerivedData/Ignition_Mobile_Tracker-gelnggplpsbtkhcjapjollaftaga/Build/Intermediates.noindex/Ignition\ Mobile\ Tracker.build/Debug-iphonesimulator/Ignition\ Mobile\ Tracker.build/Objects-normal/arm64 -c -j12 -enable-batch-mode -incremental -Xcc -ivfsstatcache -Xcc /Users/giuli1/Library/Developer/Xcode/DerivedData/SDKStatCaches.noindex/iphonesimulator26.0-23A339-26257891a6c027eb51374368541b8346.sdkstatcache -output-file-map /Users/giuli1/Library/Developer/Xcode/DerivedData/Ignition_Mobile_Tracker-gelnggplpsbtkhcjapjollaftaga/Build/Intermediates.noindex/Ignition\ Mobile\ Tracker.build/Debug-iphonesimulator/Ignition\ Mobile\ Tracker.build/Objects-normal/arm64/Ignition\ Mobile\ Tracker-OutputFileMap.json -use-frontend-parseable-output -save-temps -no-color-diagnostics -explicit-module-build -module-cache-path /Users/giuli1/Library/Developer/Xcode/DerivedData/Ignition_Mobile_Tracker-gelnggplpsbtkhcjapjollaftaga/Build/Intermediates.noindex/SwiftExplicitPrecompiledModules -clang-scanner-module-cache-path /Users/giuli1/Library/Developer/Xcode/DerivedData/ModuleCache.noindex -sdk-module-cache-path /Users/giuli1/Library/Developer/Xcode/DerivedData/ModuleCache.noindex -serialize-diagnostics -emit-dependencies -emit-module -emit-module-path /Users/giuli1/Library/Developer/Xcode/DerivedData/Ignition_Mobile_Tracker-gelnggplpsbtkhcjapjollaftaga/Build/Intermediates.noindex/Ignition\ Mobile\ Tracker.build/Debug-iphonesimulator/Ignition\ Mobile\ Tracker.build/Objects-normal/arm64/Ignition_Mobile_Tracker.swiftmodule -validate-clang-modules-once -clang-build-session-file /Users/giuli1/Library/Developer/Xcode/DerivedData/ModuleCache.noindex/Session.modulevalidation -Xcc -I/Users/giuli1/Library/Developer/Xcode/DerivedData/Ignition_Mobile_Tracker-gelnggplpsbtkhcjapjollaftaga/Build/Intermediates.noindex/Ignition\ Mobile\ Tracker.build/Debug-iphonesimulator/Ignition\ Mobile\ Tracker.build/swift-overrides.hmap -emit-const-values -Xfrontend -const-gather-protocols-file -Xfrontend /Users/giuli1/Library/Developer/Xcode/DerivedData/Ignition_Mobile_Tracker-gelnggplpsbtkhcjapjollaftaga/Build/Intermediates.noindex/Ignition\ Mobile\ Tracker.build/Debug-iphonesimulator/Ignition\ Mobile\ Tracker.build/Objects-normal/arm64/Ignition\ Mobile\ Tracker_const_extract_protocols.json -Xcc -iquote -Xcc /Users/giuli1/Library/Developer/Xcode/DerivedData/Ignition_Mobile_Tracker-gelnggplpsbtkhcjapjollaftaga/Build/Intermediates.noindex/Ignition\ Mobile\ Tracker.build/Debug-iphonesimulator/Ignition\ Mobile\ Tracker.build/Ignition\ Mobile\ Tracker-generated-files.hmap -Xcc -I/Users/giuli1/Library/Developer/Xcode/DerivedData/Ignition_Mobile_Tracker-gelnggplpsbtkhcjapjollaftaga/Build/Intermediates.noindex/Ignition\ Mobile\ Tracker.build/Debug-iphonesimulator/Ignition\ Mobile\ Tracker.build/Ignition\ Mobile\ Tracker-own-target-headers.hmap -Xcc -I/Users/giuli1/Library/Developer/Xcode/DerivedData/Ignition_Mobile_Tracker-gelnggplpsbtkhcjapjollaftaga/Build/Intermediates.noindex/Ignition\ Mobile\ Tracker.build/Debug-iphonesimulator/Ignition\ Mobile\ Tracker.build/Ignition\ Mobile\ Tracker-all-target-headers.hmap -Xcc -iquote -Xcc /Users/giuli1/Library/Developer/Xcode/DerivedData/Ignition_Mobile_Tracker-gelnggplpsbtkhcjapjollaftaga/Build/Intermediates.noindex/Ignition\ Mobile\ Tracker.build/Debug-iphonesimulator/Ignition\ Mobile\ Tracker.build/Ignition\ Mobile\ Tracker-project-headers.hmap -Xcc -I/Users/giuli1/Library/Developer/Xcode/DerivedData/Ignition_Mobile_Tracker-gelnggplpsbtkhcjapjollaftaga/Build/Products/Debug-iphonesimulator/include -Xcc -I/Users/giuli1/Library/Developer/Xcode/DerivedData/Ignition_Mobile_Tracker-gelnggplpsbtkhcjapjollaftaga/Build/Intermediates.noindex/Ignition\ Mobile\ Tracker.build/Debug-iphonesimulator/Ignition\ Mobile\ Tracker.build/DerivedSources-normal/arm64 -Xcc -I/Users/giuli1/Library/Developer/Xcode/DerivedData/Ignition_Mobile_Tracker-gelnggplpsbtkhcjapjollaftaga/Build/Intermediates.noindex/Ignition\ Mobile\ Tracker.build/Debug-iphonesimulator/Ignition\ Mobile\ Tracker.build/DerivedSources/arm64 -Xcc -I/Users/giuli1/Library/Developer/Xcode/DerivedData/Ignition_Mobile_Tracker-gelnggplpsbtkhcjapjollaftaga/Build/Intermediates.noindex/Ignition\ Mobile\ Tracker.build/Debug-iphonesimulator/Ignition\ Mobile\ Tracker.build/DerivedSources -Xcc -DDEBUG\=1 -emit-objc-header -emit-objc-header-path /Users/giuli1/Library/Developer/Xcode/DerivedData/Ignition_Mobile_Tracker-gelnggplpsbtkhcjapjollaftaga/Build/Intermediates.noindex/Ignition\ Mobile\ Tracker.build/Debug-iphonesimulator/Ignition\ Mobile\ Tracker.build/Objects-normal/arm64/Ignition_Mobile_Tracker-Swift.h -working-directory /Users/giuli1/Documents/app/Apple/ignition\ mobile\ tracker/Ignition\ Mobile\ Tracker -experimental-emit-module-separately -disable-cmo

SwiftCompile normal arm64 Compiling\ TrackerView.swift /Users/giuli1/Documents/app/Apple/ignition\ mobile\ tracker/Ignition\ Mobile\ Tracker/Ignition\ Mobile\ Tracker/Features/Tracker/TrackerView.swift (in target 'Ignition Mobile Tracker' from project 'Ignition Mobile Tracker')

SwiftCompile normal arm64 /Users/giuli1/Documents/app/Apple/ignition\ mobile\ tracker/Ignition\ Mobile\ Tracker/Ignition\ Mobile\ Tracker/Features/Tracker/TrackerView.swift (in target 'Ignition Mobile Tracker' from project 'Ignition Mobile Tracker')
    cd /Users/giuli1/Documents/app/Apple/ignition\ mobile\ tracker/Ignition\ Mobile\ Tracker
    
/Users/giuli1/Documents/app/Apple/ignition mobile tracker/Ignition Mobile Tracker/Ignition Mobile Tracker/Features/Tracker/TrackerView.swift:60:14: warning: 'onChange(of:perform:)' was deprecated in iOS 17.0: Use `onChange` with a two or zero parameter action closure instead.
            .onChange(of: sparkManager.error) { error in
             ^

SwiftCompile normal arm64 Compiling\ TrackerViewExpanded.swift /Users/giuli1/Documents/app/Apple/ignition\ mobile\ tracker/Ignition\ Mobile\ Tracker/Ignition\ Mobile\ Tracker/Features/Tracker/TrackerViewExpanded.swift (in target 'Ignition Mobile Tracker' from project 'Ignition Mobile Tracker')
Failed frontend command:
/Applications/Xcode.app/Contents/Developer/Toolchains/XcodeDefault.xctoolchain/usr/bin/swift-frontend -frontend -c /Users/giuli1/Documents/app/Apple/ignition\ mobile\ tracker/Ignition\ Mobile\ Tracker/Ignition\ Mobile\ Tracker/Core/Assets/AssetManager.swift /Users/giuli1/Documents/app/Apple/ignition\ mobile\ tracker/Ignition\ Mobile\ Tracker/Ignition\ Mobile\ Tracker/Core/Assets/AssetNames.swift /Users/giuli1/Documents/app/Apple/ignition\ mobile\ tracker/Ignition\ Mobile\ Tracker/Ignition\ Mobile\ Tracker/Core/Data/PersistenceController.swift /Users/giuli1/Documents/app/Apple/ignition\ mobile\ tracker/Ignition\ Mobile\ Tracker/Ignition\ Mobile\ Tracker/Core/Managers/AudioHapticsManager.swift /Users/giuli1/Documents/app/Apple/ignition\ mobile\ tracker/Ignition\ Mobile\ Tracker/Ignition\ Mobile\ Tracker/Core/Managers/LibraryManager.swift /Users/giuli1/Documents/app/Apple/ignition\ mobile\ tracker/Ignition\ Mobile\ Tracker/Ignition\ Mobile\ Tracker/Core/Managers/MissionManager.swift /Users/giuli1/Documents/app/Apple/ignition\ mobile\ tracker/Ignition\ Mobile\ Tracker/Ignition\ Mobile\ Tracker/Core/Managers/NotificationManager.swift /Users/giuli1/Documents/app/Apple/ignition\ mobile\ tracker/Ignition\ Mobile\ Tracker/Ignition\ Mobile\ Tracker/Core/Managers/PhotoManager.swift /Users/giuli1/Documents/app/Apple/ignition\ mobile\ tracker/Ignition\ Mobile\ Tracker/Ignition\ Mobile\ Tracker/Core/Managers/PushNotificationService.swift /Users/giuli1/Documents/app/Apple/ignition\ mobile\ tracker/Ignition\ Mobile\ Tracker/Ignition\ Mobile\ Tracker/Core/Managers/SparkManager.swift /Users/giuli1/Documents/app/Apple/ignition\ mobile\ tracker/Ignition\ Mobile\ Tracker/Ignition\ Mobile\ Tracker/Core/Managers/SparkManagerExpanded.swift /Users/giuli1/Documents/app/Apple/ignition\ mobile\ tracker/Ignition\ Mobile\ Tracker/Ignition\ Mobile\ Tracker/Core/Managers/ThemeManager.swift /Users/giuli1/Documents/app/Apple/ignition\ mobile\ tracker/Ignition\ Mobile\ Tracker/Ignition\ Mobile\ Tracker/Core/Managers/UserProfileManager.swift /Users/giuli1/Documents/app/Apple/ignition\ mobile\ tracker/Ignition\ Mobile\ Tracker/Ignition\ Mobile\ Tracker/Core/Models/CoreDataExtensions.swift /Users/giuli1/Documents/app/Apple/ignition\ mobile\ tracker/Ignition\ Mobile\ Tracker/Ignition\ Mobile\ Tracker/Core/Models/LibraryModels.swift /Users/giuli1/Documents/app/Apple/ignition\ mobile\ tracker/Ignition\ Mobile\ Tracker/Ignition\ Mobile\ Tracker/Core/Models/SparkModels.swift /Users/giuli1/Documents/app/Apple/ignition\ mobile\ tracker/Ignition\ Mobile\ Tracker/Ignition\ Mobile\ Tracker/Core/Navigation/TabRouter.swift /Users/giuli1/Documents/app/Apple/ignition\ mobile\ tracker/Ignition\ Mobile\ Tracker/Ignition\ Mobile\ Tracker/Core/Theme/IgnitionTheme.swift /Users/giuli1/Documents/app/Apple/ignition\ mobile\ tracker/Ignition\ Mobile\ Tracker/Ignition\ Mobile\ Tracker/Core/Views/MainTabView.swift /Users/giuli1/Documents/app/Apple/ignition\ mobile\ tracker/Ignition\ Mobile\ Tracker/Ignition\ Mobile\ Tracker/Features/Home/HomeView.swift /Users/giuli1/Documents/app/Apple/ignition\ mobile\ tracker/Ignition\ Mobile\ Tracker/Ignition\ Mobile\ Tracker/Features/Home/HomeViewExpanded.swift /Users/giuli1/Documents/app/Apple/ignition\ mobile\ tracker/Ignition\ Mobile\ Tracker/Ignition\ Mobile\ Tracker/Features/Library/AddEntryView.swift /Users/giuli1/Documents/app/Apple/ignition\ mobile\ tracker/Ignition\ Mobile\ Tracker/Ignition\ Mobile\ Tracker/Features/Library/AddTableView.swift /Users/giuli1/Documents/app/Apple/ignition\ mobile\ tracker/Ignition\ Mobile\ Tracker/Ignition\ Mobile\ Tracker/Features/Library/EntryDetailView.swift /Users/giuli1/Documents/app/Apple/ignition\ mobile\ tracker/Ignition\ Mobile\ Tracker/Ignition\ Mobile\ Tracker/Features/Library/LibraryStatsView.swift /Users/giuli1/Documents/app/Apple/ignition\ mobile\ tracker/Ignition\ Mobile\ Tracker/Ignition\ Mobile\ Tracker/Features/Library/LibraryView.swift /Users/giuli1/Documents/app/Apple/ignition\ mobile\ tracker/Ignition\ Mobile\ Tracker/Ignition\ Mobile\ Tracker/Features/Library/TableDetailView.swift /Users/giuli1/Documents/app/Apple/ignition\ mobile\ tracker/Ignition\ Mobile\ Tracker/Ignition\ Mobile\ Tracker/Features/Missions/MissionsView.swift /Users/giuli1/Documents/app/Apple/ignition\ mobile\ tracker/Ignition\ Mobile\ Tracker/Ignition\ Mobile\ Tracker/Features/Missions/MissionsViewExpanded.swift /Users/giuli1/Documents/app/Apple/ignition\ mobile\ tracker/Ignition\ Mobile\ Tracker/Ignition\ Mobile\ Tracker/Features/Settings/NotificationSettingsView.swift /Users/giuli1/Documents/app/Apple/ignition\ mobile\ tracker/Ignition\ Mobile\ Tracker/Ignition\ Mobile\ Tracker/Features/Settings/UserProfileView.swift /Users/giuli1/Documents/app/Apple/ignition\ mobile\ tracker/Ignition\ Mobile\ Tracker/Ignition\ Mobile\ Tracker/Features/Stats/StatsView.swift /Users/giuli1/Documents/app/Apple/ignition\ mobile\ tracker/Ignition\ Mobile\ Tracker/Ignition\ Mobile\ Tracker/Features/Stats/StatsViewExpanded.swift /Users/giuli1/Documents/app/Apple/ignition\ mobile\ tracker/Ignition\ Mobile\ Tracker/Ignition\ Mobile\ Tracker/Features/Tracker/AddSparkView.swift /Users/giuli1/Documents/app/Apple/ignition\ mobile\ tracker/Ignition\ Mobile\ Tracker/Ignition\ Mobile\ Tracker/Features/Tracker/TrackerView.swift -primary-file /Users/giuli1/Documents/app/Apple/ignition\ mobile\ tracker/Ignition\ Mobile\ Tracker/Ignition\ Mobile\ Tracker/Features/Tracker/TrackerViewExpanded.swift /Users/giuli1/Documents/app/Apple/ignition\ mobile\ tracker/Ignition\ Mobile\ Tracker/Ignition\ Mobile\ Tracker/ContentView.swift /Users/giuli1/Documents/app/Apple/ignition\ mobile\ tracker/Ignition\ Mobile\ Tracker/Ignition\ Mobile\ Tracker/Ignition_Mobile_TrackerApp.swift /Users/giuli1/Library/Developer/Xcode/DerivedData/Ignition_Mobile_Tracker-gelnggplpsbtkhcjapjollaftaga/Build/Intermediates.noindex/Ignition\ Mobile\ Tracker.build/Debug-iphonesimulator/Ignition\ Mobile\ Tracker.build/DerivedSources/CoreDataGenerated/IgnitionTracker/CDSpark+CoreDataClass.swift /Users/giuli1/Library/Developer/Xcode/DerivedData/Ignition_Mobile_Tracker-gelnggplpsbtkhcjapjollaftaga/Build/Intermediates.noindex/Ignition\ Mobile\ Tracker.build/Debug-iphonesimulator/Ignition\ Mobile\ Tracker.build/DerivedSources/CoreDataGenerated/IgnitionTracker/CDSpark+CoreDataProperties.swift /Users/giuli1/Library/Developer/Xcode/DerivedData/Ignition_Mobile_Tracker-gelnggplpsbtkhcjapjollaftaga/Build/Intermediates.noindex/Ignition\ Mobile\ Tracker.build/Debug-iphonesimulator/Ignition\ Mobile\ Tracker.build/DerivedSources/CoreDataGenerated/IgnitionTracker/CDMission+CoreDataClass.swift /Users/giuli1/Library/Developer/Xcode/DerivedData/Ignition_Mobile_Tracker-gelnggplpsbtkhcjapjollaftaga/Build/Intermediates.noindex/Ignition\ Mobile\ Tracker.build/Debug-iphonesimulator/Ignition\ Mobile\ Tracker.build/DerivedSources/CoreDataGenerated/IgnitionTracker/CDMission+CoreDataProperties.swift /Users/giuli1/Library/Developer/Xcode/DerivedData/Ignition_Mobile_Tracker-gelnggplpsbtkhcjapjollaftaga/Build/Intermediates.noindex/Ignition\ Mobile\ Tracker.build/Debug-iphonesimulator/Ignition\ Mobile\ Tracker.build/DerivedSources/CoreDataGenerated/IgnitionTracker/CDUserProfile+CoreDataClass.swift /Users/giuli1/Library/Developer/Xcode/DerivedData/Ignition_Mobile_Tracker-gelnggplpsbtkhcjapjollaftaga/Build/Intermediates.noindex/Ignition\ Mobile\ Tracker.build/Debug-iphonesimulator/Ignition\ Mobile\ Tracker.build/DerivedSources/CoreDataGenerated/IgnitionTracker/CDUserProfile+CoreDataProperties.swift /Users/giuli1/Library/Developer/Xcode/DerivedData/Ignition_Mobile_Tracker-gelnggplpsbtkhcjapjollaftaga/Build/Intermediates.noindex/Ignition\ Mobile\ Tracker.build/Debug-iphonesimulator/Ignition\ Mobile\ Tracker.build/DerivedSources/CoreDataGenerated/IgnitionTracker/CDTable+CoreDataClass.swift /Users/giuli1/Library/Developer/Xcode/DerivedData/Ignition_Mobile_Tracker-gelnggplpsbtkhcjapjollaftaga/Build/Intermediates.noindex/Ignition\ Mobile\ Tracker.build/Debug-iphonesimulator/Ignition\ Mobile\ Tracker.build/DerivedSources/CoreDataGenerated/IgnitionTracker/CDTable+CoreDataProperties.swift /Users/giuli1/Library/Developer/Xcode/DerivedData/Ignition_Mobile_Tracker-gelnggplpsbtkhcjapjollaftaga/Build/Intermediates.noindex/Ignition\ Mobile\ Tracker.build/Debug-iphonesimulator/Ignition\ Mobile\ Tracker.build/DerivedSources/CoreDataGenerated/IgnitionTracker/CDEntry+CoreDataClass.swift /Users/giuli1/Library/Developer/Xcode/DerivedData/Ignition_Mobile_Tracker-gelnggplpsbtkhcjapjollaftaga/Build/Intermediates.noindex/Ignition\ Mobile\ Tracker.build/Debug-iphonesimulator/Ignition\ Mobile\ Tracker.build/DerivedSources/CoreDataGenerated/IgnitionTracker/CDEntry+CoreDataProperties.swift /Users/giuli1/Library/Developer/Xcode/DerivedData/Ignition_Mobile_Tracker-gelnggplpsbtkhcjapjollaftaga/Build/Intermediates.noindex/Ignition\ Mobile\ Tracker.build/Debug-iphonesimulator/Ignition\ Mobile\ Tracker.build/DerivedSources/CoreDataGenerated/IgnitionTracker/IgnitionTracker+CoreDataModel.swift /Users/giuli1/Library/Developer/Xcode/DerivedData/Ignition_Mobile_Tracker-gelnggplpsbtkhcjapjollaftaga/Build/Intermediates.noindex/Ignition\ Mobile\ Tracker.build/Debug-iphonesimulator/Ignition\ Mobile\ Tracker.build/DerivedSources/GeneratedAssetSymbols.swift -emit-dependencies-path /Users/giuli1/Library/Developer/Xcode/DerivedData/Ignition_Mobile_Tracker-gelnggplpsbtkhcjapjollaftaga/Build/Intermediates.noindex/Ignition\ Mobile\ Tracker.build/Debug-iphonesimulator/Ignition\ Mobile\ Tracker.build/Objects-normal/arm64/TrackerViewExpanded.d -emit-const-values-path /Users/giuli1/Library/Developer/Xcode/DerivedData/Ignition_Mobile_Tracker-gelnggplpsbtkhcjapjollaftaga/Build/Intermediates.noindex/Ignition\ Mobile\ Tracker.build/Debug-iphonesimulator/Ignition\ Mobile\ Tracker.build/Objects-normal/arm64/TrackerViewExpanded.swiftconstvalues -emit-reference-dependencies-path /Users/giuli1/Library/Developer/Xcode/DerivedData/Ignition_Mobile_Tracker-gelnggplpsbtkhcjapjollaftaga/Build/Intermediates.noindex/Ignition\ Mobile\ Tracker.build/Debug-iphonesimulator/Ignition\ Mobile\ Tracker.build/Objects-normal/arm64/TrackerViewExpanded.swiftdeps -serialize-diagnostics-path /Users/giuli1/Library/Developer/Xcode/DerivedData/Ignition_Mobile_Tracker-gelnggplpsbtkhcjapjollaftaga/Build/Intermediates.noindex/Ignition\ Mobile\ Tracker.build/Debug-iphonesimulator/Ignition\ Mobile\ Tracker.build/Objects-normal/arm64/TrackerViewExpanded.dia -emit-localized-strings -emit-localized-strings-path /Users/giuli1/Library/Developer/Xcode/DerivedData/Ignition_Mobile_Tracker-gelnggplpsbtkhcjapjollaftaga/Build/Intermediates.noindex/Ignition\ Mobile\ Tracker.build/Debug-iphonesimulator/Ignition\ Mobile\ Tracker.build/Objects-normal/arm64 -target arm64-apple-ios26.0-simulator -module-can-import-version DeveloperToolsSupport 23.0.4 23.0.4 -module-can-import-version SwiftUI 7.0.84.1 7.0.84 -module-can-import-version UIKit 9088.1.113 9088.1.113 -disable-cross-import-overlay-search -swift-module-cross-import CoreData /Applications/Xcode.app/Contents/Developer/Platforms/iPhoneSimulator.platform/Developer/SDKs/iPhoneSimulator.sdk/System/Library/Frameworks/CoreData.framework/Modules/CoreData.swiftcrossimport/CloudKit.swiftoverlay -swift-module-cross-import CoreData /Applications/Xcode.app/Contents/Developer/Platforms/iPhoneSimulator.platform/Developer/SDKs/iPhoneSimulator26.0.sdk/System/Library/Frameworks/CoreData.framework/Modules/CoreData.swiftcrossimport/CloudKit.swiftoverlay -swift-module-cross-import PhotosUI /Applications/Xcode.app/Contents/Developer/Platforms/iPhoneSimulator.platform/Developer/SDKs/iPhoneSimulator.sdk/System/Library/Frameworks/PhotosUI.framework/Modules/PhotosUI.swiftcrossimport/SwiftUI.swiftoverlay -swift-module-cross-import PhotosUI /Applications/Xcode.app/Contents/Developer/Platforms/iPhoneSimulator.platform/Developer/SDKs/iPhoneSimulator.sdk/System/Library/Frameworks/PhotosUI.framework/Modules/PhotosUI.swiftcrossimport/WidgetKit.swiftoverlay -swift-module-cross-import PhotosUI /Applications/Xcode.app/Contents/Developer/Platforms/iPhoneSimulator.platform/Developer/SDKs/iPhoneSimulator26.0.sdk/System/Library/Frameworks/PhotosUI.framework/Modules/PhotosUI.swiftcrossimport/SwiftUI.swiftoverlay -swift-module-cross-import PhotosUI /Applications/Xcode.app/Contents/Developer/Platforms/iPhoneSimulator.platform/Developer/SDKs/iPhoneSimulator26.0.sdk/System/Library/Frameworks/PhotosUI.framework/Modules/PhotosUI.swiftcrossimport/WidgetKit.swiftoverlay -load-resolved-plugin /Applications/Xcode.app/Contents/Developer/Platforms/iPhoneOS.platform/Developer/usr/lib/swift/host/plugins/libFoundationMacros.dylib\#/Applications/Xcode.app/Contents/Developer/Platforms/iPhoneOS.platform/Developer/usr/bin/swift-plugin-server\#FoundationMacros -load-resolved-plugin /Applications/Xcode.app/Contents/Developer/Platforms/iPhoneOS.platform/Developer/usr/lib/swift/host/plugins/libObservationMacros.dylib\#/Applications/Xcode.app/Contents/Developer/Platforms/iPhoneOS.platform/Developer/usr/bin/swift-plugin-server\#ObservationMacros -load-resolved-plugin /Applications/Xcode.app/Contents/Developer/Platforms/iPhoneOS.platform/Developer/usr/lib/swift/host/plugins/libPreviewsMacros.dylib\#/Applications/Xcode.app/Contents/Developer/Platforms/iPhoneOS.platform/Developer/usr/bin/swift-plugin-server\#PreviewsMacros -load-resolved-plugin /Applications/Xcode.app/Contents/Developer/Platforms/iPhoneOS.platform/Developer/usr/lib/swift/host/plugins/libSwiftMacros.dylib\#/Applications/Xcode.app/Contents/Developer/Platforms/iPhoneOS.platform/Developer/usr/bin/swift-plugin-server\#SwiftMacros -load-resolved-plugin /Applications/Xcode.app/Contents/Developer/Platforms/iPhoneOS.platform/Developer/usr/lib/swift/host/plugins/libSwiftUIMacros.dylib\#/Applications/Xcode.app/Contents/Developer/Platforms/iPhoneOS.platform/Developer/usr/bin/swift-plugin-server\#SwiftUIMacros -disable-implicit-swift-modules -Xcc -fno-implicit-modules -Xcc -fno-implicit-module-maps -explicit-swift-module-map-file /Users/giuli1/Library/Developer/Xcode/DerivedData/Ignition_Mobile_Tracker-gelnggplpsbtkhcjapjollaftaga/Build/Intermediates.noindex/Ignition\ Mobile\ Tracker.build/Debug-iphonesimulator/Ignition\ Mobile\ Tracker.build/Objects-normal/arm64/Ignition_Mobile_Tracker-dependencies-1.json -Xllvm -aarch64-use-tbi -enable-objc-interop -sdk /Applications/Xcode.app/Contents/Developer/Platforms/iPhoneSimulator.platform/Developer/SDKs/iPhoneSimulator26.0.sdk -I /Users/giuli1/Library/Developer/Xcode/DerivedData/Ignition_Mobile_Tracker-gelnggplpsbtkhcjapjollaftaga/Build/Products/Debug-iphonesimulator -F /Users/giuli1/Library/Developer/Xcode/DerivedData/Ignition_Mobile_Tracker-gelnggplpsbtkhcjapjollaftaga/Build/Products/Debug-iphonesimulator -no-color-diagnostics -Xcc -fno-color-diagnostics -enable-testing -g -debug-info-format\=dwarf -dwarf-version\=5 -module-cache-path /Users/giuli1/Library/Developer/Xcode/DerivedData/Ignition_Mobile_Tracker-gelnggplpsbtkhcjapjollaftaga/Build/Intermediates.noindex/SwiftExplicitPrecompiledModules -swift-version 5 -enforce-exclusivity\=checked -Onone -D DEBUG -serialize-debugging-options -const-gather-protocols-file /Users/giuli1/Library/Developer/Xcode/DerivedData/Ignition_Mobile_Tracker-gelnggplpsbtkhcjapjollaftaga/Build/Intermediates.noindex/Ignition\ Mobile\ Tracker.build/Debug-iphonesimulator/Ignition\ Mobile\ Tracker.build/Objects-normal/arm64/Ignition\ Mobile\ Tracker_const_extract_protocols.json -enable-upcoming-feature DisableOutwardActorInference -enable-upcoming-feature InferSendableFromCaptures -enable-upcoming-feature GlobalActorIsolatedTypesUsability -enable-upcoming-feature MemberImportVisibility -enable-upcoming-feature InferIsolatedConformances -enable-upcoming-feature NonisolatedNonsendingByDefault -enable-experimental-feature DebugDescriptionMacro -enable-bare-slash-regex -default-isolation\=MainActor -empty-abi-descriptor -validate-clang-modules-once -clang-build-session-file /Users/giuli1/Library/Developer/Xcode/DerivedData/ModuleCache.noindex/Session.modulevalidation -Xcc -working-directory -Xcc /Users/giuli1/Documents/app/Apple/ignition\ mobile\ tracker/Ignition\ Mobile\ Tracker -enable-anonymous-context-mangled-names -file-compilation-dir /Users/giuli1/Documents/app/Apple/ignition\ mobile\ tracker/Ignition\ Mobile\ Tracker -Xcc -D_LIBCPP_HARDENING_MODE\=_LIBCPP_HARDENING_MODE_DEBUG -Xcc -ivfsstatcache -Xcc /Users/giuli1/Library/Developer/Xcode/DerivedData/SDKStatCaches.noindex/iphonesimulator26.0-23A339-26257891a6c027eb51374368541b8346.sdkstatcache -Xcc -I/Users/giuli1/Library/Developer/Xcode/DerivedData/Ignition_Mobile_Tracker-gelnggplpsbtkhcjapjollaftaga/Build/Intermediates.noindex/Ignition\ Mobile\ Tracker.build/Debug-iphonesimulator/Ignition\ Mobile\ Tracker.build/swift-overrides.hmap -Xcc -iquote -Xcc /Users/giuli1/Library/Developer/Xcode/DerivedData/Ignition_Mobile_Tracker-gelnggplpsbtkhcjapjollaftaga/Build/Intermediates.noindex/Ignition\ Mobile\ Tracker.build/Debug-iphonesimulator/Ignition\ Mobile\ Tracker.build/Ignition\ Mobile\ Tracker-generated-files.hmap -Xcc -I/Users/giuli1/Library/Developer/Xcode/DerivedData/Ignition_Mobile_Tracker-gelnggplpsbtkhcjapjollaftaga/Build/Intermediates.noindex/Ignition\ Mobile\ Tracker.build/Debug-iphonesimulator/Ignition\ Mobile\ Tracker.build/Ignition\ Mobile\ Tracker-own-target-headers.hmap -Xcc -I/Users/giuli1/Library/Developer/Xcode/DerivedData/Ignition_Mobile_Tracker-gelnggplpsbtkhcjapjollaftaga/Build/Intermediates.noindex/Ignition\ Mobile\ Tracker.build/Debug-iphonesimulator/Ignition\ Mobile\ Tracker.build/Ignition\ Mobile\ Tracker-all-target-headers.hmap -Xcc -iquote -Xcc /Users/giuli1/Library/Developer/Xcode/DerivedData/Ignition_Mobile_Tracker-gelnggplpsbtkhcjapjollaftaga/Build/Intermediates.noindex/Ignition\ Mobile\ Tracker.build/Debug-iphonesimulator/Ignition\ Mobile\ Tracker.build/Ignition\ Mobile\ Tracker-project-headers.hmap -Xcc -I/Users/giuli1/Library/Developer/Xcode/DerivedData/Ignition_Mobile_Tracker-gelnggplpsbtkhcjapjollaftaga/Build/Products/Debug-iphonesimulator/include -Xcc -I/Users/giuli1/Library/Developer/Xcode/DerivedData/Ignition_Mobile_Tracker-gelnggplpsbtkhcjapjollaftaga/Build/Intermediates.noindex/Ignition\ Mobile\ Tracker.build/Debug-iphonesimulator/Ignition\ Mobile\ Tracker.build/DerivedSources-normal/arm64 -Xcc -I/Users/giuli1/Library/Developer/Xcode/DerivedData/Ignition_Mobile_Tracker-gelnggplpsbtkhcjapjollaftaga/Build/Intermediates.noindex/Ignition\ Mobile\ Tracker.build/Debug-iphonesimulator/Ignition\ Mobile\ Tracker.build/DerivedSources/arm64 -Xcc -I/Users/giuli1/Library/Developer/Xcode/DerivedData/Ignition_Mobile_Tracker-gelnggplpsbtkhcjapjollaftaga/Build/Intermediates.noindex/Ignition\ Mobile\ Tracker.build/Debug-iphonesimulator/Ignition\ Mobile\ Tracker.build/DerivedSources -Xcc -DDEBUG\=1 -no-auto-bridging-header-chaining -module-name Ignition_Mobile_Tracker -frontend-parseable-output -disable-clang-spi -target-sdk-version 26.0 -target-sdk-name iphonesimulator26.0 -clang-target arm64-apple-ios26.0-simulator -in-process-plugin-server-path /Applications/Xcode.app/Contents/Developer/Toolchains/XcodeDefault.xctoolchain/usr/lib/swift/host/libSwiftInProcPluginServer.dylib -o /Users/giuli1/Library/Developer/Xcode/DerivedData/Ignition_Mobile_Tracker-gelnggplpsbtkhcjapjollaftaga/Build/Intermediates.noindex/Ignition\ Mobile\ Tracker.build/Debug-iphonesimulator/Ignition\ Mobile\ Tracker.build/Objects-normal/arm64/TrackerViewExpanded.o -index-unit-output-path /Ignition\ Mobile\ Tracker.build/Debug-iphonesimulator/Ignition\ Mobile\ Tracker.build/Objects-normal/arm64/TrackerViewExpanded.o -index-store-path /Users/giuli1/Library/Developer/Xcode/DerivedData/Ignition_Mobile_Tracker-gelnggplpsbtkhcjapjollaftaga/Index.noindex/DataStore -index-system-modules

SwiftCompile normal arm64 /Users/giuli1/Documents/app/Apple/ignition\ mobile\ tracker/Ignition\ Mobile\ Tracker/Ignition\ Mobile\ Tracker/Features/Tracker/TrackerViewExpanded.swift (in target 'Ignition Mobile Tracker' from project 'Ignition Mobile Tracker')
    cd /Users/giuli1/Documents/app/Apple/ignition\ mobile\ tracker/Ignition\ Mobile\ Tracker
    
/Users/giuli1/Documents/app/Apple/ignition mobile tracker/Ignition Mobile Tracker/Ignition Mobile Tracker/Features/Tracker/TrackerViewExpanded.swift:967:25: error: cannot find 'bulkToggleFavorites' in scope
                        bulkToggleFavorites()
                        ^~~~~~~~~~~~~~~~~~~

SwiftCompile normal arm64 Compiling\ NotificationSettingsView.swift /Users/giuli1/Documents/app/Apple/ignition\ mobile\ tracker/Ignition\ Mobile\ Tracker/Ignition\ Mobile\ Tracker/Features/Settings/NotificationSettingsView.swift (in target 'Ignition Mobile Tracker' from project 'Ignition Mobile Tracker')

SwiftCompile normal arm64 /Users/giuli1/Documents/app/Apple/ignition\ mobile\ tracker/Ignition\ Mobile\ Tracker/Ignition\ Mobile\ Tracker/Features/Settings/NotificationSettingsView.swift (in target 'Ignition Mobile Tracker' from project 'Ignition Mobile Tracker')
    cd /Users/giuli1/Documents/app/Apple/ignition\ mobile\ tracker/Ignition\ Mobile\ Tracker
    
/Users/giuli1/Documents/app/Apple/ignition mobile tracker/Ignition Mobile Tracker/Ignition Mobile Tracker/Features/Settings/NotificationSettingsView.swift:78:22: warning: 'onChange(of:perform:)' was deprecated in iOS 17.0: Use `onChange` with a two or zero parameter action closure instead.
                    .onChange(of: dailyReminderEnabled) { enabled in
                     ^
/Users/giuli1/Documents/app/Apple/ignition mobile tracker/Ignition Mobile Tracker/Ignition Mobile Tracker/Features/Settings/NotificationSettingsView.swift:81:22: warning: 'onChange(of:perform:)' was deprecated in iOS 17.0: Use `onChange` with a two or zero parameter action closure instead.
                    .onChange(of: dailyReminderTime) { time in
                     ^
/Users/giuli1/Documents/app/Apple/ignition mobile tracker/Ignition Mobile Tracker/Ignition Mobile Tracker/Features/Settings/NotificationSettingsView.swift:89:26: warning: 'onChange(of:perform:)' was deprecated in iOS 17.0: Use `onChange` with a two or zero parameter action closure instead.
                        .onChange(of: streakRemindersEnabled) { enabled in
                         ^
/Users/giuli1/Documents/app/Apple/ignition mobile tracker/Ignition Mobile Tracker/Ignition Mobile Tracker/Features/Settings/NotificationSettingsView.swift:95:26: warning: 'onChange(of:perform:)' was deprecated in iOS 17.0: Use `onChange` with a two or zero parameter action closure instead.
                        .onChange(of: missionDeadlinesEnabled) { enabled in
                         ^
/Users/giuli1/Documents/app/Apple/ignition mobile tracker/Ignition Mobile Tracker/Ignition Mobile Tracker/Features/Settings/NotificationSettingsView.swift:101:26: warning: 'onChange(of:perform:)' was deprecated in iOS 17.0: Use `onChange` with a two or zero parameter action closure instead.
                        .onChange(of: weeklyReportsEnabled) { enabled in
                         ^
/Users/giuli1/Documents/app/Apple/ignition mobile tracker/Ignition Mobile Tracker/Ignition Mobile Tracker/Features/Settings/NotificationSettingsView.swift:132:22: warning: 'onChange(of:perform:)' was deprecated in iOS 17.0: Use `onChange` with a two or zero parameter action closure instead.
                    .onChange(of: pushNotificationsEnabled) { enabled in
                     ^

SwiftEmitModule normal arm64 Emitting\ module\ for\ Ignition_Mobile_Tracker (in target 'Ignition Mobile Tracker' from project 'Ignition Mobile Tracker')

EmitSwiftModule normal arm64 (in target 'Ignition Mobile Tracker' from project 'Ignition Mobile Tracker')
    cd /Users/giuli1/Documents/app/Apple/ignition\ mobile\ tracker/Ignition\ Mobile\ Tracker
    

SwiftDriverJobDiscovery normal arm64 Compiling NotificationSettingsView.swift (in target 'Ignition Mobile Tracker' from project 'Ignition Mobile Tracker')

SwiftDriverJobDiscovery normal arm64 Compiling TrackerView.swift (in target 'Ignition Mobile Tracker' from project 'Ignition Mobile Tracker')

SwiftDriverJobDiscovery normal arm64 Emitting module for Ignition_Mobile_Tracker (in target 'Ignition Mobile Tracker' from project 'Ignition Mobile Tracker')

SwiftDriver\ Compilation\ Requirements Ignition\ Mobile\ Tracker normal arm64 com.apple.xcode.tools.swift.compiler (in target 'Ignition Mobile Tracker' from project 'Ignition Mobile Tracker')
    cd /Users/giuli1/Documents/app/Apple/ignition\ mobile\ tracker/Ignition\ Mobile\ Tracker
    builtin-Swift-Compilation-Requirements -- /Applications/Xcode.app/Contents/Developer/Toolchains/XcodeDefault.xctoolchain/usr/bin/swiftc -module-name Ignition_Mobile_Tracker -Onone -enforce-exclusivity\=checked @/Users/giuli1/Library/Developer/Xcode/DerivedData/Ignition_Mobile_Tracker-gelnggplpsbtkhcjapjollaftaga/Build/Intermediates.noindex/Ignition\ Mobile\ Tracker.build/Debug-iphonesimulator/Ignition\ Mobile\ Tracker.build/Objects-normal/arm64/Ignition\ Mobile\ Tracker.SwiftFileList -DDEBUG -default-isolation\=MainActor -enable-bare-slash-regex -enable-upcoming-feature DisableOutwardActorInference -enable-upcoming-feature InferSendableFromCaptures -enable-upcoming-feature GlobalActorIsolatedTypesUsability -enable-upcoming-feature MemberImportVisibility -enable-upcoming-feature InferIsolatedConformances -enable-upcoming-feature NonisolatedNonsendingByDefault -enable-experimental-feature DebugDescriptionMacro -sdk /Applications/Xcode.app/Contents/Developer/Platforms/iPhoneSimulator.platform/Developer/SDKs/iPhoneSimulator26.0.sdk -target arm64-apple-ios26.0-simulator -g -module-cache-path /Users/giuli1/Library/Developer/Xcode/DerivedData/ModuleCache.noindex -Xfrontend -serialize-debugging-options -enable-testing -index-store-path /Users/giuli1/Library/Developer/Xcode/DerivedData/Ignition_Mobile_Tracker-gelnggplpsbtkhcjapjollaftaga/Index.noindex/DataStore -Xcc -D_LIBCPP_HARDENING_MODE\=_LIBCPP_HARDENING_MODE_DEBUG -swift-version 5 -I /Users/giuli1/Library/Developer/Xcode/DerivedData/Ignition_Mobile_Tracker-gelnggplpsbtkhcjapjollaftaga/Build/Products/Debug-iphonesimulator -F /Users/giuli1/Library/Developer/Xcode/DerivedData/Ignition_Mobile_Tracker-gelnggplpsbtkhcjapjollaftaga/Build/Products/Debug-iphonesimulator -emit-localized-strings -emit-localized-strings-path /Users/giuli1/Library/Developer/Xcode/DerivedData/Ignition_Mobile_Tracker-gelnggplpsbtkhcjapjollaftaga/Build/Intermediates.noindex/Ignition\ Mobile\ Tracker.build/Debug-iphonesimulator/Ignition\ Mobile\ Tracker.build/Objects-normal/arm64 -c -j12 -enable-batch-mode -incremental -Xcc -ivfsstatcache -Xcc /Users/giuli1/Library/Developer/Xcode/DerivedData/SDKStatCaches.noindex/iphonesimulator26.0-23A339-26257891a6c027eb51374368541b8346.sdkstatcache -output-file-map /Users/giuli1/Library/Developer/Xcode/DerivedData/Ignition_Mobile_Tracker-gelnggplpsbtkhcjapjollaftaga/Build/Intermediates.noindex/Ignition\ Mobile\ Tracker.build/Debug-iphonesimulator/Ignition\ Mobile\ Tracker.build/Objects-normal/arm64/Ignition\ Mobile\ Tracker-OutputFileMap.json -use-frontend-parseable-output -save-temps -no-color-diagnostics -explicit-module-build -module-cache-path /Users/giuli1/Library/Developer/Xcode/DerivedData/Ignition_Mobile_Tracker-gelnggplpsbtkhcjapjollaftaga/Build/Intermediates.noindex/SwiftExplicitPrecompiledModules -clang-scanner-module-cache-path /Users/giuli1/Library/Developer/Xcode/DerivedData/ModuleCache.noindex -sdk-module-cache-path /Users/giuli1/Library/Developer/Xcode/DerivedData/ModuleCache.noindex -serialize-diagnostics -emit-dependencies -emit-module -emit-module-path /Users/giuli1/Library/Developer/Xcode/DerivedData/Ignition_Mobile_Tracker-gelnggplpsbtkhcjapjollaftaga/Build/Intermediates.noindex/Ignition\ Mobile\ Tracker.build/Debug-iphonesimulator/Ignition\ Mobile\ Tracker.build/Objects-normal/arm64/Ignition_Mobile_Tracker.swiftmodule -validate-clang-modules-once -clang-build-session-file /Users/giuli1/Library/Developer/Xcode/DerivedData/ModuleCache.noindex/Session.modulevalidation -Xcc -I/Users/giuli1/Library/Developer/Xcode/DerivedData/Ignition_Mobile_Tracker-gelnggplpsbtkhcjapjollaftaga/Build/Intermediates.noindex/Ignition\ Mobile\ Tracker.build/Debug-iphonesimulator/Ignition\ Mobile\ Tracker.build/swift-overrides.hmap -emit-const-values -Xfrontend -const-gather-protocols-file -Xfrontend /Users/giuli1/Library/Developer/Xcode/DerivedData/Ignition_Mobile_Tracker-gelnggplpsbtkhcjapjollaftaga/Build/Intermediates.noindex/Ignition\ Mobile\ Tracker.build/Debug-iphonesimulator/Ignition\ Mobile\ Tracker.build/Objects-normal/arm64/Ignition\ Mobile\ Tracker_const_extract_protocols.json -Xcc -iquote -Xcc /Users/giuli1/Library/Developer/Xcode/DerivedData/Ignition_Mobile_Tracker-gelnggplpsbtkhcjapjollaftaga/Build/Intermediates.noindex/Ignition\ Mobile\ Tracker.build/Debug-iphonesimulator/Ignition\ Mobile\ Tracker.build/Ignition\ Mobile\ Tracker-generated-files.hmap -Xcc -I/Users/giuli1/Library/Developer/Xcode/DerivedData/Ignition_Mobile_Tracker-gelnggplpsbtkhcjapjollaftaga/Build/Intermediates.noindex/Ignition\ Mobile\ Tracker.build/Debug-iphonesimulator/Ignition\ Mobile\ Tracker.build/Ignition\ Mobile\ Tracker-own-target-headers.hmap -Xcc -I/Users/giuli1/Library/Developer/Xcode/DerivedData/Ignition_Mobile_Tracker-gelnggplpsbtkhcjapjollaftaga/Build/Intermediates.noindex/Ignition\ Mobile\ Tracker.build/Debug-iphonesimulator/Ignition\ Mobile\ Tracker.build/Ignition\ Mobile\ Tracker-all-target-headers.hmap -Xcc -iquote -Xcc /Users/giuli1/Library/Developer/Xcode/DerivedData/Ignition_Mobile_Tracker-gelnggplpsbtkhcjapjollaftaga/Build/Intermediates.noindex/Ignition\ Mobile\ Tracker.build/Debug-iphonesimulator/Ignition\ Mobile\ Tracker.build/Ignition\ Mobile\ Tracker-project-headers.hmap -Xcc -I/Users/giuli1/Library/Developer/Xcode/DerivedData/Ignition_Mobile_Tracker-gelnggplpsbtkhcjapjollaftaga/Build/Products/Debug-iphonesimulator/include -Xcc -I/Users/giuli1/Library/Developer/Xcode/DerivedData/Ignition_Mobile_Tracker-gelnggplpsbtkhcjapjollaftaga/Build/Intermediates.noindex/Ignition\ Mobile\ Tracker.build/Debug-iphonesimulator/Ignition\ Mobile\ Tracker.build/DerivedSources-normal/arm64 -Xcc -I/Users/giuli1/Library/Developer/Xcode/DerivedData/Ignition_Mobile_Tracker-gelnggplpsbtkhcjapjollaftaga/Build/Intermediates.noindex/Ignition\ Mobile\ Tracker.build/Debug-iphonesimulator/Ignition\ Mobile\ Tracker.build/DerivedSources/arm64 -Xcc -I/Users/giuli1/Library/Developer/Xcode/DerivedData/Ignition_Mobile_Tracker-gelnggplpsbtkhcjapjollaftaga/Build/Intermediates.noindex/Ignition\ Mobile\ Tracker.build/Debug-iphonesimulator/Ignition\ Mobile\ Tracker.build/DerivedSources -Xcc -DDEBUG\=1 -emit-objc-header -emit-objc-header-path /Users/giuli1/Library/Developer/Xcode/DerivedData/Ignition_Mobile_Tracker-gelnggplpsbtkhcjapjollaftaga/Build/Intermediates.noindex/Ignition\ Mobile\ Tracker.build/Debug-iphonesimulator/Ignition\ Mobile\ Tracker.build/Objects-normal/arm64/Ignition_Mobile_Tracker-Swift.h -working-directory /Users/giuli1/Documents/app/Apple/ignition\ mobile\ tracker/Ignition\ Mobile\ Tracker -experimental-emit-module-separately -disable-cmo

Copy /Users/giuli1/Library/Developer/Xcode/DerivedData/Ignition_Mobile_Tracker-gelnggplpsbtkhcjapjollaftaga/Build/Products/Debug-iphonesimulator/Ignition_Mobile_Tracker.swiftmodule/arm64-apple-ios-simulator.swiftmodule /Users/giuli1/Library/Developer/Xcode/DerivedData/Ignition_Mobile_Tracker-gelnggplpsbtkhcjapjollaftaga/Build/Intermediates.noindex/Ignition\ Mobile\ Tracker.build/Debug-iphonesimulator/Ignition\ Mobile\ Tracker.build/Objects-normal/arm64/Ignition_Mobile_Tracker.swiftmodule (in target 'Ignition Mobile Tracker' from project 'Ignition Mobile Tracker')
    cd /Users/giuli1/Documents/app/Apple/ignition\ mobile\ tracker/Ignition\ Mobile\ Tracker
    builtin-copy -exclude .DS_Store -exclude CVS -exclude .svn -exclude .git -exclude .hg -resolve-src-symlinks -rename /Users/giuli1/Library/Developer/Xcode/DerivedData/Ignition_Mobile_Tracker-gelnggplpsbtkhcjapjollaftaga/Build/Intermediates.noindex/Ignition\ Mobile\ Tracker.build/Debug-iphonesimulator/Ignition\ Mobile\ Tracker.build/Objects-normal/arm64/Ignition_Mobile_Tracker.swiftmodule /Users/giuli1/Library/Developer/Xcode/DerivedData/Ignition_Mobile_Tracker-gelnggplpsbtkhcjapjollaftaga/Build/Products/Debug-iphonesimulator/Ignition_Mobile_Tracker.swiftmodule/arm64-apple-ios-simulator.swiftmodule

Copy /Users/giuli1/Library/Developer/Xcode/DerivedData/Ignition_Mobile_Tracker-gelnggplpsbtkhcjapjollaftaga/Build/Products/Debug-iphonesimulator/Ignition_Mobile_Tracker.swiftmodule/arm64-apple-ios-simulator.abi.json /Users/giuli1/Library/Developer/Xcode/DerivedData/Ignition_Mobile_Tracker-gelnggplpsbtkhcjapjollaftaga/Build/Intermediates.noindex/Ignition\ Mobile\ Tracker.build/Debug-iphonesimulator/Ignition\ Mobile\ Tracker.build/Objects-normal/arm64/Ignition_Mobile_Tracker.abi.json (in target 'Ignition Mobile Tracker' from project 'Ignition Mobile Tracker')
    cd /Users/giuli1/Documents/app/Apple/ignition\ mobile\ tracker/Ignition\ Mobile\ Tracker
    builtin-copy -exclude .DS_Store -exclude CVS -exclude .svn -exclude .git -exclude .hg -resolve-src-symlinks -rename /Users/giuli1/Library/Developer/Xcode/DerivedData/Ignition_Mobile_Tracker-gelnggplpsbtkhcjapjollaftaga/Build/Intermediates.noindex/Ignition\ Mobile\ Tracker.build/Debug-iphonesimulator/Ignition\ Mobile\ Tracker.build/Objects-normal/arm64/Ignition_Mobile_Tracker.abi.json /Users/giuli1/Library/Developer/Xcode/DerivedData/Ignition_Mobile_Tracker-gelnggplpsbtkhcjapjollaftaga/Build/Products/Debug-iphonesimulator/Ignition_Mobile_Tracker.swiftmodule/arm64-apple-ios-simulator.abi.json

Copy /Users/giuli1/Library/Developer/Xcode/DerivedData/Ignition_Mobile_Tracker-gelnggplpsbtkhcjapjollaftaga/Build/Products/Debug-iphonesimulator/Ignition_Mobile_Tracker.swiftmodule/Project/arm64-apple-ios-simulator.swiftsourceinfo /Users/giuli1/Library/Developer/Xcode/DerivedData/Ignition_Mobile_Tracker-gelnggplpsbtkhcjapjollaftaga/Build/Intermediates.noindex/Ignition\ Mobile\ Tracker.build/Debug-iphonesimulator/Ignition\ Mobile\ Tracker.build/Objects-normal/arm64/Ignition_Mobile_Tracker.swiftsourceinfo (in target 'Ignition Mobile Tracker' from project 'Ignition Mobile Tracker')
    cd /Users/giuli1/Documents/app/Apple/ignition\ mobile\ tracker/Ignition\ Mobile\ Tracker
    builtin-copy -exclude .DS_Store -exclude CVS -exclude .svn -exclude .git -exclude .hg -resolve-src-symlinks -rename /Users/giuli1/Library/Developer/Xcode/DerivedData/Ignition_Mobile_Tracker-gelnggplpsbtkhcjapjollaftaga/Build/Intermediates.noindex/Ignition\ Mobile\ Tracker.build/Debug-iphonesimulator/Ignition\ Mobile\ Tracker.build/Objects-normal/arm64/Ignition_Mobile_Tracker.swiftsourceinfo /Users/giuli1/Library/Developer/Xcode/DerivedData/Ignition_Mobile_Tracker-gelnggplpsbtkhcjapjollaftaga/Build/Products/Debug-iphonesimulator/Ignition_Mobile_Tracker.swiftmodule/Project/arm64-apple-ios-simulator.swiftsourceinfo

note: Removed stale file '/Users/giuli1/Library/Developer/Xcode/DerivedData/Ignition_Mobile_Tracker-gelnggplpsbtkhcjapjollaftaga/Build/Products/Debug-iphonesimulator/Ignition Mobile Tracker.app/NotificationSettingsView.swift'

** BUILD FAILED **


The following build commands failed:
	SwiftCompile normal arm64 Compiling\ TrackerViewExpanded.swift /Users/giuli1/Documents/app/Apple/ignition\ mobile\ tracker/Ignition\ Mobile\ Tracker/Ignition\ Mobile\ Tracker/Features/Tracker/TrackerViewExpanded.swift (in target 'Ignition Mobile Tracker' from project 'Ignition Mobile Tracker')
	SwiftCompile normal arm64 /Users/giuli1/Documents/app/Apple/ignition\ mobile\ tracker/Ignition\ Mobile\ Tracker/Ignition\ Mobile\ Tracker/Features/Tracker/TrackerViewExpanded.swift (in target 'Ignition Mobile Tracker' from project 'Ignition Mobile Tracker')
	Building project Ignition Mobile Tracker with scheme Ignition Mobile Tracker
(3 failures)
